2026-05-06 21:45:36 | WARNING  | app.services.checks.laravel_version:run:99 - [LARAVEL_VERSION] Error checking Laravel version: Connection failed
2026-05-06 21:45:47 | WARNING  | app.services.checks.laravel_version:run:99 - [LARAVEL_VERSION] Error checking Laravel version: Connection failed
2026-05-06 21:46:03 | INFO     | __main__:main:109 - Laravel Security Scanner v1.0.0 starting
2026-05-06 21:46:03 | INFO     | app.services.scanner:scan:44 - Starting scan for: https://httpbin.org/html
2026-05-06 21:46:05 | INFO     | app.services.scanner:_log_summary:84 - Scan complete | target=https://httpbin.org/html | findings=6 | vulnerable=2 | risk_score=5.5 | duration=2.69s
2026-05-06 21:46:46 | INFO     | __main__:main:109 - Laravel Security Scanner v1.0.0 starting
2026-05-06 21:46:46 | INFO     | app.services.scanner:scan:44 - Starting scan for: https://httpbin.org/html
2026-05-06 21:46:48 | INFO     | app.services.scanner:_log_summary:84 - Scan complete | target=https://httpbin.org/html | findings=6 | vulnerable=2 | risk_score=5.5 | duration=2.38s
2026-05-06 21:47:18 | INFO     | __main__:main:109 - Laravel Security Scanner v1.0.0 starting
2026-05-06 21:47:18 | INFO     | app.services.scanner:scan:44 - Starting scan for: https://httpbin.org/html
2026-05-06 21:47:21 | INFO     | app.services.scanner:_log_summary:84 - Scan complete | target=https://httpbin.org/html | findings=6 | vulnerable=2 | risk_score=5.5 | duration=2.71s
2026-05-06 21:48:36 | INFO     | __main__:main:109 - Laravel Security Scanner v1.0.0 starting
2026-05-06 21:48:36 | INFO     | app.services.scanner:scan:44 - Starting scan for: https://httpbin.org/html
2026-05-06 21:48:38 | INFO     | app.services.scanner:_log_summary:84 - Scan complete | target=https://httpbin.org/html | findings=6 | vulnerable=2 | risk_score=5.5 | duration=2.46s
2026-05-06 21:48:57 | WARNING  | app.services.checks.laravel_version:run:99 - [LARAVEL_VERSION] Error checking Laravel version: Connection failed
2026-05-06 21:49:38 | WARNING  | app.services.checks.laravel_version:run:99 - [LARAVEL_VERSION] Error checking Laravel version: Connection failed
2026-05-06 21:53:07 | WARNING  | app.services.checks.laravel_version:run:99 - [LARAVEL_VERSION] Error checking Laravel version: Connection failed
2026-05-06 21:54:13 | WARNING  | app.services.checks.telescope_exposed:run:61 - [TELESCOPE_EXPOSED] Timeout for https://example.com/telescope
2026-05-06 21:54:13 | WARNING  | app.services.checks.telescope_exposed:run:61 - [TELESCOPE_EXPOSED] Timeout for https://example.com/telescope/requests
2026-05-06 21:54:13 | WARNING  | app.services.checks.telescope_exposed:run:61 - [TELESCOPE_EXPOSED] Timeout for https://example.com/telescope/exceptions
2026-05-06 21:54:13 | WARNING  | app.services.checks.telescope_exposed:run:61 - [TELESCOPE_EXPOSED] Timeout for https://example.com/telescope/logs
2026-05-06 21:54:13 | WARNING  | app.services.checks.telescope_exposed:run:61 - [TELESCOPE_EXPOSED] Timeout for https://example.com/_debugbar/telescope
2026-05-06 21:55:29 | WARNING  | app.services.checks.debugbar_exposed:run:61 - [DEBUGBAR_EXPOSED] Timeout for https://example.com/_debugbar
2026-05-06 21:55:29 | WARNING  | app.services.checks.debugbar_exposed:run:61 - [DEBUGBAR_EXPOSED] Timeout for https://example.com/_debugbar/clockwork
2026-05-06 21:55:29 | WARNING  | app.services.checks.debugbar_exposed:run:61 - [DEBUGBAR_EXPOSED] Timeout for https://example.com/debugbar
2026-05-06 21:57:07 | WARNING  | app.services.checks.debugbar_exposed:run:61 - [DEBUGBAR_EXPOSED] Timeout for https://example.com/_debugbar
2026-05-06 21:57:07 | WARNING  | app.services.checks.debugbar_exposed:run:61 - [DEBUGBAR_EXPOSED] Timeout for https://example.com/_debugbar/clockwork
2026-05-06 21:57:07 | WARNING  | app.services.checks.debugbar_exposed:run:61 - [DEBUGBAR_EXPOSED] Timeout for https://example.com/debugbar
2026-05-06 21:57:41 | WARNING  | app.services.checks.debugbar_exposed:run:61 - [DEBUGBAR_EXPOSED] Timeout for https://example.com/_debugbar
2026-05-06 21:57:41 | WARNING  | app.services.checks.debugbar_exposed:run:61 - [DEBUGBAR_EXPOSED] Timeout for https://example.com/_debugbar/clockwork
2026-05-06 21:57:41 | WARNING  | app.services.checks.debugbar_exposed:run:61 - [DEBUGBAR_EXPOSED] Timeout for https://example.com/debugbar
2026-05-06 21:57:57 | WARNING  | app.services.checks.debugbar_exposed:run:61 - [DEBUGBAR_EXPOSED] Timeout for https://example.com/_debugbar
2026-05-06 21:57:57 | WARNING  | app.services.checks.debugbar_exposed:run:61 - [DEBUGBAR_EXPOSED] Timeout for https://example.com/_debugbar/clockwork
2026-05-06 21:57:57 | WARNING  | app.services.checks.debugbar_exposed:run:61 - [DEBUGBAR_EXPOSED] Timeout for https://example.com/debugbar
2026-05-06 21:57:57 | WARNING  | app.services.checks.laravel_version:run:99 - [LARAVEL_VERSION] Error checking Laravel version: Connection failed
2026-05-06 21:57:57 | WARNING  | app.services.checks.telescope_exposed:run:61 - [TELESCOPE_EXPOSED] Timeout for https://example.com/telescope
2026-05-06 21:57:57 | WARNING  | app.services.checks.telescope_exposed:run:61 - [TELESCOPE_EXPOSED] Timeout for https://example.com/telescope/requests
2026-05-06 21:57:57 | WARNING  | app.services.checks.telescope_exposed:run:61 - [TELESCOPE_EXPOSED] Timeout for https://example.com/telescope/exceptions
2026-05-06 21:57:57 | WARNING  | app.services.checks.telescope_exposed:run:61 - [TELESCOPE_EXPOSED] Timeout for https://example.com/telescope/logs
2026-05-06 21:57:57 | WARNING  | app.services.checks.telescope_exposed:run:61 - [TELESCOPE_EXPOSED] Timeout for https://example.com/_debugbar/telescope
2026-05-06 22:02:40 | WARNING  | app.services.checks.debugbar_exposed:run:61 - [DEBUGBAR_EXPOSED] Timeout for https://example.com/_debugbar
2026-05-06 22:02:40 | WARNING  | app.services.checks.debugbar_exposed:run:61 - [DEBUGBAR_EXPOSED] Timeout for https://example.com/_debugbar/clockwork
2026-05-06 22:02:40 | WARNING  | app.services.checks.debugbar_exposed:run:61 - [DEBUGBAR_EXPOSED] Timeout for https://example.com/debugbar
2026-05-06 22:02:41 | WARNING  | app.services.checks.laravel_version:run:99 - [LARAVEL_VERSION] Error checking Laravel version: Connection failed
2026-05-06 22:02:41 | WARNING  | app.services.checks.telescope_exposed:run:61 - [TELESCOPE_EXPOSED] Timeout for https://example.com/telescope
2026-05-06 22:02:41 | WARNING  | app.services.checks.telescope_exposed:run:61 - [TELESCOPE_EXPOSED] Timeout for https://example.com/telescope/requests
2026-05-06 22:02:41 | WARNING  | app.services.checks.telescope_exposed:run:61 - [TELESCOPE_EXPOSED] Timeout for https://example.com/telescope/exceptions
2026-05-06 22:02:41 | WARNING  | app.services.checks.telescope_exposed:run:61 - [TELESCOPE_EXPOSED] Timeout for https://example.com/telescope/logs
2026-05-06 22:02:41 | WARNING  | app.services.checks.telescope_exposed:run:61 - [TELESCOPE_EXPOSED] Timeout for https://example.com/_debugbar/telescope
2026-05-06 22:03:42 | INFO     | __main__:main:111 - Laravel Security Scanner v1.0.0 starting
2026-05-06 22:03:42 | INFO     | app.services.scanner:scan:44 - Starting scan for: https://httpbin.org/html
2026-05-06 22:04:51 | WARNING  | app.services.checks.debugbar_exposed:run:61 - [DEBUGBAR_EXPOSED] Timeout for https://example.com/_debugbar
2026-05-06 22:04:51 | WARNING  | app.services.checks.debugbar_exposed:run:61 - [DEBUGBAR_EXPOSED] Timeout for https://example.com/_debugbar/clockwork
2026-05-06 22:04:51 | WARNING  | app.services.checks.debugbar_exposed:run:61 - [DEBUGBAR_EXPOSED] Timeout for https://example.com/debugbar
2026-05-06 22:04:51 | WARNING  | app.services.checks.laravel_version:run:99 - [LARAVEL_VERSION] Error checking Laravel version: Connection failed
2026-05-06 22:04:51 | WARNING  | app.services.checks.telescope_exposed:run:61 - [TELESCOPE_EXPOSED] Timeout for https://example.com/telescope
2026-05-06 22:04:51 | WARNING  | app.services.checks.telescope_exposed:run:61 - [TELESCOPE_EXPOSED] Timeout for https://example.com/telescope/requests
2026-05-06 22:04:51 | WARNING  | app.services.checks.telescope_exposed:run:61 - [TELESCOPE_EXPOSED] Timeout for https://example.com/telescope/exceptions
2026-05-06 22:04:51 | WARNING  | app.services.checks.telescope_exposed:run:61 - [TELESCOPE_EXPOSED] Timeout for https://example.com/telescope/logs
2026-05-06 22:04:51 | WARNING  | app.services.checks.telescope_exposed:run:61 - [TELESCOPE_EXPOSED] Timeout for https://example.com/_debugbar/telescope
2026-05-06 22:05:12 | INFO     | __main__:main:111 - Laravel Security Scanner v1.0.0 starting
2026-05-06 22:05:12 | INFO     | app.services.scanner:scan:44 - Starting scan for: https://httpbin.org/html
2026-05-06 22:05:15 | INFO     | app.services.scanner:_log_summary:84 - Scan complete | target=https://httpbin.org/html | findings=8 | vulnerable=2 | risk_score=5.5 | duration=2.86s
2026-05-06 22:05:15 | INFO     | app.services.reporter:save_html:254 - HTML report saved: reports\scan_https___httpbin_org_html_20260506_210515.html
2026-05-06 22:07:29 | INFO     | __main__:main:111 - Laravel Security Scanner v1.0.0 starting
2026-05-06 22:07:29 | INFO     | app.services.scanner:scan:45 - Starting scan for: https://httpbin.org/html
2026-05-06 22:07:31 | INFO     | app.services.scanner:_log_summary:101 - Scan complete | target=https://httpbin.org/html | findings=8 | vulnerable=2 | risk_score=5.5 | duration=2.84s
2026-05-06 22:08:54 | WARNING  | app.services.checks.debugbar_exposed:run:61 - [DEBUGBAR_EXPOSED] Timeout for https://example.com/_debugbar
2026-05-06 22:08:54 | WARNING  | app.services.checks.debugbar_exposed:run:61 - [DEBUGBAR_EXPOSED] Timeout for https://example.com/_debugbar/clockwork
2026-05-06 22:08:54 | WARNING  | app.services.checks.debugbar_exposed:run:61 - [DEBUGBAR_EXPOSED] Timeout for https://example.com/debugbar
2026-05-06 22:08:54 | WARNING  | app.services.checks.laravel_version:run:99 - [LARAVEL_VERSION] Error checking Laravel version: Connection failed
2026-05-06 22:08:55 | WARNING  | app.services.checks.mix_manifest_exposed:run:62 - [MIX_MANIFEST_EXPOSED] Timeout for https://example.com/mix-manifest.json
2026-05-06 22:08:55 | WARNING  | app.services.checks.telescope_exposed:run:61 - [TELESCOPE_EXPOSED] Timeout for https://example.com/telescope
2026-05-06 22:08:55 | WARNING  | app.services.checks.telescope_exposed:run:61 - [TELESCOPE_EXPOSED] Timeout for https://example.com/telescope/requests
2026-05-06 22:08:55 | WARNING  | app.services.checks.telescope_exposed:run:61 - [TELESCOPE_EXPOSED] Timeout for https://example.com/telescope/exceptions
2026-05-06 22:08:55 | WARNING  | app.services.checks.telescope_exposed:run:61 - [TELESCOPE_EXPOSED] Timeout for https://example.com/telescope/logs
2026-05-06 22:08:55 | WARNING  | app.services.checks.telescope_exposed:run:61 - [TELESCOPE_EXPOSED] Timeout for https://example.com/_debugbar/telescope
2026-05-06 22:10:30 | WARNING  | app.services.checks.debugbar_exposed:run:61 - [DEBUGBAR_EXPOSED] Timeout for https://example.com/_debugbar
2026-05-06 22:10:30 | WARNING  | app.services.checks.debugbar_exposed:run:61 - [DEBUGBAR_EXPOSED] Timeout for https://example.com/_debugbar/clockwork
2026-05-06 22:10:30 | WARNING  | app.services.checks.debugbar_exposed:run:61 - [DEBUGBAR_EXPOSED] Timeout for https://example.com/debugbar
2026-05-06 22:10:30 | WARNING  | app.services.checks.laravel_version:run:99 - [LARAVEL_VERSION] Error checking Laravel version: Connection failed
2026-05-06 22:10:30 | WARNING  | app.services.checks.mix_manifest_exposed:run:67 - [MIX_MANIFEST_EXPOSED] Timeout for https://example.com/mix-manifest.json
2026-05-06 22:10:30 | WARNING  | app.services.checks.telescope_exposed:run:61 - [TELESCOPE_EXPOSED] Timeout for https://example.com/telescope
2026-05-06 22:10:30 | WARNING  | app.services.checks.telescope_exposed:run:61 - [TELESCOPE_EXPOSED] Timeout for https://example.com/telescope/requests
2026-05-06 22:10:30 | WARNING  | app.services.checks.telescope_exposed:run:61 - [TELESCOPE_EXPOSED] Timeout for https://example.com/telescope/exceptions
2026-05-06 22:10:30 | WARNING  | app.services.checks.telescope_exposed:run:61 - [TELESCOPE_EXPOSED] Timeout for https://example.com/telescope/logs
2026-05-06 22:10:30 | WARNING  | app.services.checks.telescope_exposed:run:61 - [TELESCOPE_EXPOSED] Timeout for https://example.com/_debugbar/telescope
2026-05-06 22:24:09 | INFO     | __main__:main:111 - Laravel Security Scanner v1.0.0 starting
2026-05-06 22:24:09 | INFO     | app.services.scanner:scan:45 - Starting scan for: https://bbgayrimenkul.net
2026-05-06 22:24:10 | INFO     | app.services.scanner:_log_summary:101 - Scan complete | target=https://bbgayrimenkul.net | findings=9 | vulnerable=3 | risk_score=6.0 | duration=0.91s
2026-05-06 22:24:10 | INFO     | app.services.reporter:save_json:103 - JSON report saved: reports\scan_https___bbgayrimenkul_net_20260506_212410.json
2026-05-06 22:24:10 | INFO     | app.services.reporter:save_txt:138 - TXT report saved: reports\scan_https___bbgayrimenkul_net_20260506_212410.txt
2026-05-06 22:24:10 | INFO     | app.services.reporter:save_html:254 - HTML report saved: reports\scan_https___bbgayrimenkul_net_20260506_212410.html
2026-05-06 22:48:58 | INFO     | __main__:main:111 - Laravel Security Scanner v1.0.0 starting
2026-05-06 22:48:58 | INFO     | app.services.scanner:scan:45 - Starting scan for: https://bbgayrimenkul.net
2026-05-06 22:48:59 | INFO     | app.services.scanner:_log_summary:101 - Scan complete | target=https://bbgayrimenkul.net | findings=9 | vulnerable=2 | risk_score=4.0 | duration=0.82s
2026-05-06 22:48:59 | INFO     | app.services.reporter:save_json:103 - JSON report saved: reports\scan_https___bbgayrimenkul_net_20260506_214859.json
2026-05-06 22:48:59 | INFO     | app.services.reporter:save_txt:138 - TXT report saved: reports\scan_https___bbgayrimenkul_net_20260506_214859.txt
2026-05-06 22:48:59 | INFO     | app.services.reporter:save_html:254 - HTML report saved: reports\scan_https___bbgayrimenkul_net_20260506_214859.html
2026-05-06 22:51:46 | INFO     | __main__:main:111 - Laravel Security Scanner v1.0.0 starting
2026-05-06 22:51:46 | INFO     | app.services.scanner:scan:45 - Starting scan for: https://bbgayrimenkul.net
2026-05-06 22:51:47 | INFO     | app.services.scanner:_log_summary:101 - Scan complete | target=https://bbgayrimenkul.net | findings=9 | vulnerable=2 | risk_score=4.0 | duration=0.90s
2026-05-06 22:51:47 | INFO     | app.services.reporter:save_json:103 - JSON report saved: reports\scan_https___bbgayrimenkul_net_20260506_215147.json
2026-05-06 22:51:47 | INFO     | app.services.reporter:save_txt:138 - TXT report saved: reports\scan_https___bbgayrimenkul_net_20260506_215147.txt
2026-05-06 22:51:47 | INFO     | app.services.reporter:save_html:254 - HTML report saved: reports\scan_https___bbgayrimenkul_net_20260506_215147.html
2026-05-06 22:53:55 | INFO     | __main__:main:111 - Laravel Security Scanner v1.0.0 starting
2026-05-06 22:53:55 | INFO     | app.services.scanner:scan:45 - Starting scan for: https://bbgayrimenkul.net
2026-05-06 22:53:56 | INFO     | app.services.scanner:_log_summary:101 - Scan complete | target=https://bbgayrimenkul.net | findings=9 | vulnerable=2 | risk_score=4.0 | duration=0.86s
2026-05-06 22:53:56 | INFO     | app.services.reporter:save_json:103 - JSON report saved: reports\scan_https___bbgayrimenkul_net_20260506_215356.json
2026-05-06 22:53:56 | INFO     | app.services.reporter:save_txt:138 - TXT report saved: reports\scan_https___bbgayrimenkul_net_20260506_215356.txt
2026-05-06 22:53:56 | INFO     | app.services.reporter:save_html:254 - HTML report saved: reports\scan_https___bbgayrimenkul_net_20260506_215356.html
2026-05-06 22:56:03 | INFO     | __main__:main:111 - Laravel Security Scanner v1.0.0 starting
2026-05-06 22:56:03 | INFO     | app.services.scanner:scan:45 - Starting scan for: https://bbgayrimenkul.net
2026-05-06 22:56:04 | INFO     | app.services.scanner:_log_summary:101 - Scan complete | target=https://bbgayrimenkul.net | findings=9 | vulnerable=1 | risk_score=4.0 | duration=1.35s
2026-05-06 22:56:04 | INFO     | app.services.reporter:save_json:103 - JSON report saved: reports\scan_https___bbgayrimenkul_net_20260506_215604.json
2026-05-06 22:56:04 | INFO     | app.services.reporter:save_txt:138 - TXT report saved: reports\scan_https___bbgayrimenkul_net_20260506_215604.txt
2026-05-06 22:56:04 | INFO     | app.services.reporter:save_html:254 - HTML report saved: reports\scan_https___bbgayrimenkul_net_20260506_215604.html
2026-05-06 22:57:49 | INFO     | __main__:main:111 - Laravel Security Scanner v1.0.0 starting
2026-05-06 22:57:49 | INFO     | app.services.scanner:scan:45 - Starting scan for: https://bbgayrimenkul.net
2026-05-06 22:57:50 | INFO     | app.services.scanner:_log_summary:101 - Scan complete | target=https://bbgayrimenkul.net | findings=9 | vulnerable=1 | risk_score=4.0 | duration=1.08s
2026-05-06 22:57:50 | INFO     | app.services.reporter:save_json:103 - JSON report saved: reports\scan_https___bbgayrimenkul_net_20260506_215750.json
2026-05-06 22:57:50 | INFO     | app.services.reporter:save_txt:138 - TXT report saved: reports\scan_https___bbgayrimenkul_net_20260506_215750.txt
2026-05-06 22:57:50 | INFO     | app.services.reporter:save_html:254 - HTML report saved: reports\scan_https___bbgayrimenkul_net_20260506_215750.html
2026-05-06 22:59:31 | INFO     | __main__:main:111 - Laravel Security Scanner v1.0.0 starting
2026-05-06 22:59:31 | INFO     | app.services.scanner:scan:45 - Starting scan for: https://bbgayrimenkul.net
2026-05-06 22:59:32 | INFO     | app.services.scanner:_log_summary:101 - Scan complete | target=https://bbgayrimenkul.net | findings=9 | vulnerable=1 | risk_score=4.0 | duration=0.84s
2026-05-06 22:59:32 | INFO     | app.services.reporter:save_json:103 - JSON report saved: reports\scan_https___bbgayrimenkul_net_20260506_215932.json
2026-05-06 22:59:32 | INFO     | app.services.reporter:save_txt:138 - TXT report saved: reports\scan_https___bbgayrimenkul_net_20260506_215932.txt
2026-05-06 22:59:32 | INFO     | app.services.reporter:save_html:254 - HTML report saved: reports\scan_https___bbgayrimenkul_net_20260506_215932.html
2026-05-06 23:02:50 | WARNING  | app.services.checks.debugbar_exposed:run:61 - [DEBUGBAR_EXPOSED] Timeout for https://example.com/_debugbar
2026-05-06 23:02:50 | WARNING  | app.services.checks.debugbar_exposed:run:61 - [DEBUGBAR_EXPOSED] Timeout for https://example.com/_debugbar/clockwork
2026-05-06 23:02:50 | WARNING  | app.services.checks.debugbar_exposed:run:61 - [DEBUGBAR_EXPOSED] Timeout for https://example.com/debugbar
2026-05-06 23:02:50 | WARNING  | app.services.checks.laravel_version:run:99 - [LARAVEL_VERSION] Error checking Laravel version: Connection failed
2026-05-06 23:02:50 | WARNING  | app.services.checks.mix_manifest_exposed:run:67 - [MIX_MANIFEST_EXPOSED] Timeout for https://example.com/mix-manifest.json
2026-05-06 23:02:50 | WARNING  | app.services.checks.telescope_exposed:run:61 - [TELESCOPE_EXPOSED] Timeout for https://example.com/telescope
2026-05-06 23:02:50 | WARNING  | app.services.checks.telescope_exposed:run:61 - [TELESCOPE_EXPOSED] Timeout for https://example.com/telescope/requests
2026-05-06 23:02:50 | WARNING  | app.services.checks.telescope_exposed:run:61 - [TELESCOPE_EXPOSED] Timeout for https://example.com/telescope/exceptions
2026-05-06 23:02:50 | WARNING  | app.services.checks.telescope_exposed:run:61 - [TELESCOPE_EXPOSED] Timeout for https://example.com/telescope/logs
2026-05-06 23:02:50 | WARNING  | app.services.checks.telescope_exposed:run:61 - [TELESCOPE_EXPOSED] Timeout for https://example.com/_debugbar/telescope
2026-05-06 23:03:10 | INFO     | __main__:main:113 - Laravel Security Scanner v1.0.0 starting
2026-05-06 23:03:10 | INFO     | app.services.scanner:scan:45 - Starting scan for: https://httpbin.org/html
2026-05-06 23:03:13 | INFO     | app.services.scanner:_log_summary:101 - Scan complete | target=https://httpbin.org/html | findings=9 | vulnerable=2 | risk_score=5.5 | duration=2.93s
2026-05-06 23:03:13 | INFO     | app.services.reporter:save_sarif:345 - SARIF report saved: reports\scan_https___httpbin_org_html_20260506_220313.sarif.json
2026-05-06 23:05:15 | WARNING  | app.services.checks.debugbar_exposed:run:61 - [DEBUGBAR_EXPOSED] Timeout for https://example.com/_debugbar
2026-05-06 23:05:15 | WARNING  | app.services.checks.debugbar_exposed:run:61 - [DEBUGBAR_EXPOSED] Timeout for https://example.com/_debugbar/clockwork
2026-05-06 23:05:15 | WARNING  | app.services.checks.debugbar_exposed:run:61 - [DEBUGBAR_EXPOSED] Timeout for https://example.com/debugbar
2026-05-06 23:05:15 | WARNING  | app.services.checks.horizon_exposed:run:61 - [HORIZON_EXPOSED] Timeout for https://example.com/horizon
2026-05-06 23:05:15 | WARNING  | app.services.checks.horizon_exposed:run:61 - [HORIZON_EXPOSED] Timeout for https://example.com/horizon/dashboard
2026-05-06 23:05:15 | WARNING  | app.services.checks.horizon_exposed:run:61 - [HORIZON_EXPOSED] Timeout for https://example.com/horizon/api/metrics
2026-05-06 23:05:15 | WARNING  | app.services.checks.horizon_exposed:run:61 - [HORIZON_EXPOSED] Timeout for https://example.com/horizon/api/jobs
2026-05-06 23:05:15 | WARNING  | app.services.checks.laravel_version:run:99 - [LARAVEL_VERSION] Error checking Laravel version: Connection failed
2026-05-06 23:05:15 | WARNING  | app.services.checks.mix_manifest_exposed:run:67 - [MIX_MANIFEST_EXPOSED] Timeout for https://example.com/mix-manifest.json
2026-05-06 23:05:15 | WARNING  | app.services.checks.telescope_exposed:run:61 - [TELESCOPE_EXPOSED] Timeout for https://example.com/telescope
2026-05-06 23:05:15 | WARNING  | app.services.checks.telescope_exposed:run:61 - [TELESCOPE_EXPOSED] Timeout for https://example.com/telescope/requests
2026-05-06 23:05:15 | WARNING  | app.services.checks.telescope_exposed:run:61 - [TELESCOPE_EXPOSED] Timeout for https://example.com/telescope/exceptions
2026-05-06 23:05:15 | WARNING  | app.services.checks.telescope_exposed:run:61 - [TELESCOPE_EXPOSED] Timeout for https://example.com/telescope/logs
2026-05-06 23:05:15 | WARNING  | app.services.checks.telescope_exposed:run:61 - [TELESCOPE_EXPOSED] Timeout for https://example.com/_debugbar/telescope
2026-05-06 23:07:58 | WARNING  | app.services.checks.debugbar_exposed:run:61 - [DEBUGBAR_EXPOSED] Timeout for https://example.com/_debugbar
2026-05-06 23:07:58 | WARNING  | app.services.checks.debugbar_exposed:run:61 - [DEBUGBAR_EXPOSED] Timeout for https://example.com/_debugbar/clockwork
2026-05-06 23:07:58 | WARNING  | app.services.checks.debugbar_exposed:run:61 - [DEBUGBAR_EXPOSED] Timeout for https://example.com/debugbar
2026-05-06 23:07:58 | WARNING  | app.services.checks.horizon_exposed:run:61 - [HORIZON_EXPOSED] Timeout for https://example.com/horizon
2026-05-06 23:07:58 | WARNING  | app.services.checks.horizon_exposed:run:61 - [HORIZON_EXPOSED] Timeout for https://example.com/horizon/dashboard
2026-05-06 23:07:58 | WARNING  | app.services.checks.horizon_exposed:run:61 - [HORIZON_EXPOSED] Timeout for https://example.com/horizon/api/metrics
2026-05-06 23:07:58 | WARNING  | app.services.checks.horizon_exposed:run:61 - [HORIZON_EXPOSED] Timeout for https://example.com/horizon/api/jobs
2026-05-06 23:07:58 | WARNING  | app.services.checks.laravel_version:run:99 - [LARAVEL_VERSION] Error checking Laravel version: Connection failed
2026-05-06 23:07:58 | WARNING  | app.services.checks.mix_manifest_exposed:run:67 - [MIX_MANIFEST_EXPOSED] Timeout for https://example.com/mix-manifest.json
2026-05-06 23:07:58 | WARNING  | app.services.checks.telescope_exposed:run:61 - [TELESCOPE_EXPOSED] Timeout for https://example.com/telescope
2026-05-06 23:07:58 | WARNING  | app.services.checks.telescope_exposed:run:61 - [TELESCOPE_EXPOSED] Timeout for https://example.com/telescope/requests
2026-05-06 23:07:58 | WARNING  | app.services.checks.telescope_exposed:run:61 - [TELESCOPE_EXPOSED] Timeout for https://example.com/telescope/exceptions
2026-05-06 23:07:58 | WARNING  | app.services.checks.telescope_exposed:run:61 - [TELESCOPE_EXPOSED] Timeout for https://example.com/telescope/logs
2026-05-06 23:07:58 | WARNING  | app.services.checks.telescope_exposed:run:61 - [TELESCOPE_EXPOSED] Timeout for https://example.com/_debugbar/telescope
2026-05-06 23:08:14 | INFO     | __main__:main:125 - Laravel Security Scanner v1.0.0 starting
2026-05-06 23:08:14 | INFO     | app.services.scanner:scan:55 - Starting scan for: https://httpbin.org/html
2026-05-06 23:08:15 | INFO     | app.services.scanner:_log_summary:111 - Scan complete | target=https://httpbin.org/html | findings=2 | vulnerable=0 | risk_score=0.0 | duration=1.47s
2026-05-06 23:08:15 | INFO     | app.services.reporter:save_json:104 - JSON report saved: reports\scan_https___httpbin_org_html_20260506_220815.json
2026-05-06 23:08:15 | INFO     | app.services.reporter:save_txt:139 - TXT report saved: reports\scan_https___httpbin_org_html_20260506_220815.txt
2026-05-06 23:08:15 | INFO     | app.services.reporter:save_html:255 - HTML report saved: reports\scan_https___httpbin_org_html_20260506_220815.html
2026-05-06 23:08:15 | INFO     | app.services.reporter:save_sarif:345 - SARIF report saved: reports\scan_https___httpbin_org_html_20260506_220815.sarif.json
2026-05-06 23:10:44 | WARNING  | app.services.checks.debugbar_exposed:run:61 - [DEBUGBAR_EXPOSED] Timeout for https://example.com/_debugbar
2026-05-06 23:10:44 | WARNING  | app.services.checks.debugbar_exposed:run:61 - [DEBUGBAR_EXPOSED] Timeout for https://example.com/_debugbar/clockwork
2026-05-06 23:10:44 | WARNING  | app.services.checks.debugbar_exposed:run:61 - [DEBUGBAR_EXPOSED] Timeout for https://example.com/debugbar
2026-05-06 23:10:44 | WARNING  | app.services.checks.horizon_exposed:run:61 - [HORIZON_EXPOSED] Timeout for https://example.com/horizon
2026-05-06 23:10:44 | WARNING  | app.services.checks.horizon_exposed:run:61 - [HORIZON_EXPOSED] Timeout for https://example.com/horizon/dashboard
2026-05-06 23:10:44 | WARNING  | app.services.checks.horizon_exposed:run:61 - [HORIZON_EXPOSED] Timeout for https://example.com/horizon/api/metrics
2026-05-06 23:10:44 | WARNING  | app.services.checks.horizon_exposed:run:61 - [HORIZON_EXPOSED] Timeout for https://example.com/horizon/api/jobs
2026-05-06 23:10:44 | WARNING  | app.services.checks.laravel_version:run:99 - [LARAVEL_VERSION] Error checking Laravel version: Connection failed
2026-05-06 23:10:44 | WARNING  | app.services.checks.mix_manifest_exposed:run:67 - [MIX_MANIFEST_EXPOSED] Timeout for https://example.com/mix-manifest.json
2026-05-06 23:10:44 | WARNING  | app.services.checks.nova_exposed:run:62 - [NOVA_EXPOSED] Timeout for https://example.com/nova
2026-05-06 23:10:44 | WARNING  | app.services.checks.nova_exposed:run:62 - [NOVA_EXPOSED] Timeout for https://example.com/nova/dashboard
2026-05-06 23:10:44 | WARNING  | app.services.checks.nova_exposed:run:62 - [NOVA_EXPOSED] Timeout for https://example.com/nova-api/
2026-05-06 23:10:44 | WARNING  | app.services.checks.telescope_exposed:run:61 - [TELESCOPE_EXPOSED] Timeout for https://example.com/telescope
2026-05-06 23:10:44 | WARNING  | app.services.checks.telescope_exposed:run:61 - [TELESCOPE_EXPOSED] Timeout for https://example.com/telescope/requests
2026-05-06 23:10:44 | WARNING  | app.services.checks.telescope_exposed:run:61 - [TELESCOPE_EXPOSED] Timeout for https://example.com/telescope/exceptions
2026-05-06 23:10:44 | WARNING  | app.services.checks.telescope_exposed:run:61 - [TELESCOPE_EXPOSED] Timeout for https://example.com/telescope/logs
2026-05-06 23:10:44 | WARNING  | app.services.checks.telescope_exposed:run:61 - [TELESCOPE_EXPOSED] Timeout for https://example.com/_debugbar/telescope
2026-05-06 23:12:50 | INFO     | __main__:main:125 - Laravel Security Scanner v1.0.0 starting
2026-05-06 23:12:50 | INFO     | app.services.scanner:scan:55 - Starting scan for: https://bbgayrimenkul.net
2026-05-06 23:12:51 | INFO     | app.services.scanner:_log_summary:111 - Scan complete | target=https://bbgayrimenkul.net | findings=11 | vulnerable=1 | risk_score=4.0 | duration=0.86s
2026-05-06 23:12:51 | INFO     | app.services.reporter:save_json:104 - JSON report saved: reports\scan_https___bbgayrimenkul_net_20260506_221251.json
2026-05-06 23:12:51 | INFO     | app.services.reporter:save_txt:139 - TXT report saved: reports\scan_https___bbgayrimenkul_net_20260506_221251.txt
2026-05-06 23:12:51 | INFO     | app.services.reporter:save_html:255 - HTML report saved: reports\scan_https___bbgayrimenkul_net_20260506_221251.html
2026-05-06 23:12:51 | INFO     | app.services.reporter:save_sarif:345 - SARIF report saved: reports\scan_https___bbgayrimenkul_net_20260506_221251.sarif.json
2026-05-06 23:21:53 | WARNING  | app.services.checks.debugbar_exposed:run:61 - [DEBUGBAR_EXPOSED] Timeout for https://example.com/_debugbar
2026-05-06 23:21:53 | WARNING  | app.services.checks.debugbar_exposed:run:61 - [DEBUGBAR_EXPOSED] Timeout for https://example.com/_debugbar/clockwork
2026-05-06 23:21:53 | WARNING  | app.services.checks.debugbar_exposed:run:61 - [DEBUGBAR_EXPOSED] Timeout for https://example.com/debugbar
2026-05-06 23:21:53 | WARNING  | app.services.checks.horizon_exposed:run:61 - [HORIZON_EXPOSED] Timeout for https://example.com/horizon
2026-05-06 23:21:53 | WARNING  | app.services.checks.horizon_exposed:run:61 - [HORIZON_EXPOSED] Timeout for https://example.com/horizon/dashboard
2026-05-06 23:21:53 | WARNING  | app.services.checks.horizon_exposed:run:61 - [HORIZON_EXPOSED] Timeout for https://example.com/horizon/api/metrics
2026-05-06 23:21:53 | WARNING  | app.services.checks.horizon_exposed:run:61 - [HORIZON_EXPOSED] Timeout for https://example.com/horizon/api/jobs
2026-05-06 23:21:53 | WARNING  | app.services.checks.laravel_version:run:99 - [LARAVEL_VERSION] Error checking Laravel version: Connection failed
2026-05-06 23:21:53 | WARNING  | app.services.checks.mix_manifest_exposed:run:67 - [MIX_MANIFEST_EXPOSED] Timeout for https://example.com/mix-manifest.json
2026-05-06 23:21:53 | WARNING  | app.services.checks.nova_exposed:run:62 - [NOVA_EXPOSED] Timeout for https://example.com/nova
2026-05-06 23:21:53 | WARNING  | app.services.checks.nova_exposed:run:62 - [NOVA_EXPOSED] Timeout for https://example.com/nova/dashboard
2026-05-06 23:21:53 | WARNING  | app.services.checks.nova_exposed:run:62 - [NOVA_EXPOSED] Timeout for https://example.com/nova-api/
2026-05-06 23:21:53 | WARNING  | app.services.checks.telescope_exposed:run:61 - [TELESCOPE_EXPOSED] Timeout for https://example.com/telescope
2026-05-06 23:21:53 | WARNING  | app.services.checks.telescope_exposed:run:61 - [TELESCOPE_EXPOSED] Timeout for https://example.com/telescope/requests
2026-05-06 23:21:53 | WARNING  | app.services.checks.telescope_exposed:run:61 - [TELESCOPE_EXPOSED] Timeout for https://example.com/telescope/exceptions
2026-05-06 23:21:53 | WARNING  | app.services.checks.telescope_exposed:run:61 - [TELESCOPE_EXPOSED] Timeout for https://example.com/telescope/logs
2026-05-06 23:21:53 | WARNING  | app.services.checks.telescope_exposed:run:61 - [TELESCOPE_EXPOSED] Timeout for https://example.com/_debugbar/telescope
2026-05-06 23:25:57 | WARNING  | app.services.checks.debugbar_exposed:run:61 - [DEBUGBAR_EXPOSED] Timeout for https://example.com/_debugbar
2026-05-06 23:25:57 | WARNING  | app.services.checks.debugbar_exposed:run:61 - [DEBUGBAR_EXPOSED] Timeout for https://example.com/_debugbar/clockwork
2026-05-06 23:25:57 | WARNING  | app.services.checks.debugbar_exposed:run:61 - [DEBUGBAR_EXPOSED] Timeout for https://example.com/debugbar
2026-05-06 23:25:57 | WARNING  | app.services.checks.horizon_exposed:run:61 - [HORIZON_EXPOSED] Timeout for https://example.com/horizon
2026-05-06 23:25:57 | WARNING  | app.services.checks.horizon_exposed:run:61 - [HORIZON_EXPOSED] Timeout for https://example.com/horizon/dashboard
2026-05-06 23:25:57 | WARNING  | app.services.checks.horizon_exposed:run:61 - [HORIZON_EXPOSED] Timeout for https://example.com/horizon/api/metrics
2026-05-06 23:25:57 | WARNING  | app.services.checks.horizon_exposed:run:61 - [HORIZON_EXPOSED] Timeout for https://example.com/horizon/api/jobs
2026-05-06 23:25:57 | WARNING  | app.services.checks.laravel_version:run:99 - [LARAVEL_VERSION] Error checking Laravel version: Connection failed
2026-05-06 23:25:57 | WARNING  | app.services.checks.mix_manifest_exposed:run:67 - [MIX_MANIFEST_EXPOSED] Timeout for https://example.com/mix-manifest.json
2026-05-06 23:25:57 | WARNING  | app.services.checks.nova_exposed:run:62 - [NOVA_EXPOSED] Timeout for https://example.com/nova
2026-05-06 23:25:57 | WARNING  | app.services.checks.nova_exposed:run:62 - [NOVA_EXPOSED] Timeout for https://example.com/nova/dashboard
2026-05-06 23:25:57 | WARNING  | app.services.checks.nova_exposed:run:62 - [NOVA_EXPOSED] Timeout for https://example.com/nova-api/
2026-05-06 23:25:57 | WARNING  | app.services.checks.telescope_exposed:run:61 - [TELESCOPE_EXPOSED] Timeout for https://example.com/telescope
2026-05-06 23:25:57 | WARNING  | app.services.checks.telescope_exposed:run:61 - [TELESCOPE_EXPOSED] Timeout for https://example.com/telescope/requests
2026-05-06 23:25:57 | WARNING  | app.services.checks.telescope_exposed:run:61 - [TELESCOPE_EXPOSED] Timeout for https://example.com/telescope/exceptions
2026-05-06 23:25:57 | WARNING  | app.services.checks.telescope_exposed:run:61 - [TELESCOPE_EXPOSED] Timeout for https://example.com/telescope/logs
2026-05-06 23:25:57 | WARNING  | app.services.checks.telescope_exposed:run:61 - [TELESCOPE_EXPOSED] Timeout for https://example.com/_debugbar/telescope
2026-05-06 23:28:32 | WARNING  | app.services.checks.debugbar_exposed:run:61 - [DEBUGBAR_EXPOSED] Timeout for https://example.com/_debugbar
2026-05-06 23:28:32 | WARNING  | app.services.checks.debugbar_exposed:run:61 - [DEBUGBAR_EXPOSED] Timeout for https://example.com/_debugbar/clockwork
2026-05-06 23:28:32 | WARNING  | app.services.checks.debugbar_exposed:run:61 - [DEBUGBAR_EXPOSED] Timeout for https://example.com/debugbar
2026-05-06 23:28:32 | WARNING  | app.services.checks.horizon_exposed:run:61 - [HORIZON_EXPOSED] Timeout for https://example.com/horizon
2026-05-06 23:28:32 | WARNING  | app.services.checks.horizon_exposed:run:61 - [HORIZON_EXPOSED] Timeout for https://example.com/horizon/dashboard
2026-05-06 23:28:32 | WARNING  | app.services.checks.horizon_exposed:run:61 - [HORIZON_EXPOSED] Timeout for https://example.com/horizon/api/metrics
2026-05-06 23:28:32 | WARNING  | app.services.checks.horizon_exposed:run:61 - [HORIZON_EXPOSED] Timeout for https://example.com/horizon/api/jobs
2026-05-06 23:28:32 | WARNING  | app.services.checks.laravel_version:run:99 - [LARAVEL_VERSION] Error checking Laravel version: Connection failed
2026-05-06 23:28:32 | WARNING  | app.services.checks.mix_manifest_exposed:run:67 - [MIX_MANIFEST_EXPOSED] Timeout for https://example.com/mix-manifest.json
2026-05-06 23:28:32 | WARNING  | app.services.checks.nova_exposed:run:62 - [NOVA_EXPOSED] Timeout for https://example.com/nova
2026-05-06 23:28:32 | WARNING  | app.services.checks.nova_exposed:run:62 - [NOVA_EXPOSED] Timeout for https://example.com/nova/dashboard
2026-05-06 23:28:32 | WARNING  | app.services.checks.nova_exposed:run:62 - [NOVA_EXPOSED] Timeout for https://example.com/nova-api/
2026-05-06 23:28:32 | WARNING  | app.services.checks.telescope_exposed:run:61 - [TELESCOPE_EXPOSED] Timeout for https://example.com/telescope
2026-05-06 23:28:32 | WARNING  | app.services.checks.telescope_exposed:run:61 - [TELESCOPE_EXPOSED] Timeout for https://example.com/telescope/requests
2026-05-06 23:28:32 | WARNING  | app.services.checks.telescope_exposed:run:61 - [TELESCOPE_EXPOSED] Timeout for https://example.com/telescope/exceptions
2026-05-06 23:28:32 | WARNING  | app.services.checks.telescope_exposed:run:61 - [TELESCOPE_EXPOSED] Timeout for https://example.com/telescope/logs
2026-05-06 23:28:32 | WARNING  | app.services.checks.telescope_exposed:run:61 - [TELESCOPE_EXPOSED] Timeout for https://example.com/_debugbar/telescope
2026-05-06 23:29:44 | WARNING  | app.services.checks.debugbar_exposed:run:61 - [DEBUGBAR_EXPOSED] Timeout for https://example.com/_debugbar
2026-05-06 23:29:44 | WARNING  | app.services.checks.debugbar_exposed:run:61 - [DEBUGBAR_EXPOSED] Timeout for https://example.com/_debugbar/clockwork
2026-05-06 23:29:44 | WARNING  | app.services.checks.debugbar_exposed:run:61 - [DEBUGBAR_EXPOSED] Timeout for https://example.com/debugbar
2026-05-06 23:29:44 | WARNING  | app.services.checks.horizon_exposed:run:61 - [HORIZON_EXPOSED] Timeout for https://example.com/horizon
2026-05-06 23:29:44 | WARNING  | app.services.checks.horizon_exposed:run:61 - [HORIZON_EXPOSED] Timeout for https://example.com/horizon/dashboard
2026-05-06 23:29:44 | WARNING  | app.services.checks.horizon_exposed:run:61 - [HORIZON_EXPOSED] Timeout for https://example.com/horizon/api/metrics
2026-05-06 23:29:44 | WARNING  | app.services.checks.horizon_exposed:run:61 - [HORIZON_EXPOSED] Timeout for https://example.com/horizon/api/jobs
2026-05-06 23:29:44 | WARNING  | app.services.checks.laravel_version:run:99 - [LARAVEL_VERSION] Error checking Laravel version: Connection failed
2026-05-06 23:29:44 | WARNING  | app.services.checks.mix_manifest_exposed:run:67 - [MIX_MANIFEST_EXPOSED] Timeout for https://example.com/mix-manifest.json
2026-05-06 23:29:44 | WARNING  | app.services.checks.nova_exposed:run:62 - [NOVA_EXPOSED] Timeout for https://example.com/nova
2026-05-06 23:29:44 | WARNING  | app.services.checks.nova_exposed:run:62 - [NOVA_EXPOSED] Timeout for https://example.com/nova/dashboard
2026-05-06 23:29:44 | WARNING  | app.services.checks.nova_exposed:run:62 - [NOVA_EXPOSED] Timeout for https://example.com/nova-api/
2026-05-06 23:29:44 | WARNING  | app.services.checks.telescope_exposed:run:61 - [TELESCOPE_EXPOSED] Timeout for https://example.com/telescope
2026-05-06 23:29:44 | WARNING  | app.services.checks.telescope_exposed:run:61 - [TELESCOPE_EXPOSED] Timeout for https://example.com/telescope/requests
2026-05-06 23:29:44 | WARNING  | app.services.checks.telescope_exposed:run:61 - [TELESCOPE_EXPOSED] Timeout for https://example.com/telescope/exceptions
2026-05-06 23:29:44 | WARNING  | app.services.checks.telescope_exposed:run:61 - [TELESCOPE_EXPOSED] Timeout for https://example.com/telescope/logs
2026-05-06 23:29:44 | WARNING  | app.services.checks.telescope_exposed:run:61 - [TELESCOPE_EXPOSED] Timeout for https://example.com/_debugbar/telescope
2026-05-06 23:30:57 | WARNING  | app.services.checks.debugbar_exposed:run:61 - [DEBUGBAR_EXPOSED] Timeout for https://example.com/_debugbar
2026-05-06 23:30:57 | WARNING  | app.services.checks.debugbar_exposed:run:61 - [DEBUGBAR_EXPOSED] Timeout for https://example.com/_debugbar/clockwork
2026-05-06 23:30:57 | WARNING  | app.services.checks.debugbar_exposed:run:61 - [DEBUGBAR_EXPOSED] Timeout for https://example.com/debugbar
2026-05-06 23:30:57 | WARNING  | app.services.checks.horizon_exposed:run:61 - [HORIZON_EXPOSED] Timeout for https://example.com/horizon
2026-05-06 23:30:57 | WARNING  | app.services.checks.horizon_exposed:run:61 - [HORIZON_EXPOSED] Timeout for https://example.com/horizon/dashboard
2026-05-06 23:30:57 | WARNING  | app.services.checks.horizon_exposed:run:61 - [HORIZON_EXPOSED] Timeout for https://example.com/horizon/api/metrics
2026-05-06 23:30:57 | WARNING  | app.services.checks.horizon_exposed:run:61 - [HORIZON_EXPOSED] Timeout for https://example.com/horizon/api/jobs
2026-05-06 23:30:57 | WARNING  | app.services.checks.laravel_version:run:99 - [LARAVEL_VERSION] Error checking Laravel version: Connection failed
2026-05-06 23:30:57 | WARNING  | app.services.checks.mix_manifest_exposed:run:67 - [MIX_MANIFEST_EXPOSED] Timeout for https://example.com/mix-manifest.json
2026-05-06 23:30:57 | WARNING  | app.services.checks.nova_exposed:run:62 - [NOVA_EXPOSED] Timeout for https://example.com/nova
2026-05-06 23:30:57 | WARNING  | app.services.checks.nova_exposed:run:62 - [NOVA_EXPOSED] Timeout for https://example.com/nova/dashboard
2026-05-06 23:30:57 | WARNING  | app.services.checks.nova_exposed:run:62 - [NOVA_EXPOSED] Timeout for https://example.com/nova-api/
2026-05-06 23:30:57 | WARNING  | app.services.checks.telescope_exposed:run:61 - [TELESCOPE_EXPOSED] Timeout for https://example.com/telescope
2026-05-06 23:30:57 | WARNING  | app.services.checks.telescope_exposed:run:61 - [TELESCOPE_EXPOSED] Timeout for https://example.com/telescope/requests
2026-05-06 23:30:57 | WARNING  | app.services.checks.telescope_exposed:run:61 - [TELESCOPE_EXPOSED] Timeout for https://example.com/telescope/exceptions
2026-05-06 23:30:57 | WARNING  | app.services.checks.telescope_exposed:run:61 - [TELESCOPE_EXPOSED] Timeout for https://example.com/telescope/logs
2026-05-06 23:30:57 | WARNING  | app.services.checks.telescope_exposed:run:61 - [TELESCOPE_EXPOSED] Timeout for https://example.com/_debugbar/telescope
2026-05-06 23:32:45 | WARNING  | app.services.checks.debugbar_exposed:run:61 - [DEBUGBAR_EXPOSED] Timeout for https://example.com/_debugbar
2026-05-06 23:32:45 | WARNING  | app.services.checks.debugbar_exposed:run:61 - [DEBUGBAR_EXPOSED] Timeout for https://example.com/_debugbar/clockwork
2026-05-06 23:32:45 | WARNING  | app.services.checks.debugbar_exposed:run:61 - [DEBUGBAR_EXPOSED] Timeout for https://example.com/debugbar
2026-05-06 23:32:45 | WARNING  | app.services.checks.horizon_exposed:run:61 - [HORIZON_EXPOSED] Timeout for https://example.com/horizon
2026-05-06 23:32:45 | WARNING  | app.services.checks.horizon_exposed:run:61 - [HORIZON_EXPOSED] Timeout for https://example.com/horizon/dashboard
2026-05-06 23:32:45 | WARNING  | app.services.checks.horizon_exposed:run:61 - [HORIZON_EXPOSED] Timeout for https://example.com/horizon/api/metrics
2026-05-06 23:32:45 | WARNING  | app.services.checks.horizon_exposed:run:61 - [HORIZON_EXPOSED] Timeout for https://example.com/horizon/api/jobs
2026-05-06 23:32:45 | WARNING  | app.services.checks.laravel_version:run:99 - [LARAVEL_VERSION] Error checking Laravel version: Connection failed
2026-05-06 23:32:45 | WARNING  | app.services.checks.mix_manifest_exposed:run:67 - [MIX_MANIFEST_EXPOSED] Timeout for https://example.com/mix-manifest.json
2026-05-06 23:32:46 | WARNING  | app.services.checks.nova_exposed:run:62 - [NOVA_EXPOSED] Timeout for https://example.com/nova
2026-05-06 23:32:46 | WARNING  | app.services.checks.nova_exposed:run:62 - [NOVA_EXPOSED] Timeout for https://example.com/nova/dashboard
2026-05-06 23:32:46 | WARNING  | app.services.checks.nova_exposed:run:62 - [NOVA_EXPOSED] Timeout for https://example.com/nova-api/
2026-05-06 23:32:46 | WARNING  | app.services.checks.telescope_exposed:run:61 - [TELESCOPE_EXPOSED] Timeout for https://example.com/telescope
2026-05-06 23:32:46 | WARNING  | app.services.checks.telescope_exposed:run:61 - [TELESCOPE_EXPOSED] Timeout for https://example.com/telescope/requests
2026-05-06 23:32:46 | WARNING  | app.services.checks.telescope_exposed:run:61 - [TELESCOPE_EXPOSED] Timeout for https://example.com/telescope/exceptions
2026-05-06 23:32:46 | WARNING  | app.services.checks.telescope_exposed:run:61 - [TELESCOPE_EXPOSED] Timeout for https://example.com/telescope/logs
2026-05-06 23:32:46 | WARNING  | app.services.checks.telescope_exposed:run:61 - [TELESCOPE_EXPOSED] Timeout for https://example.com/_debugbar/telescope
2026-05-06 23:42:07 | WARNING  | app.services.checks.debugbar_exposed:run:61 - [DEBUGBAR_EXPOSED] Timeout for https://example.com/_debugbar
2026-05-06 23:42:07 | WARNING  | app.services.checks.debugbar_exposed:run:61 - [DEBUGBAR_EXPOSED] Timeout for https://example.com/_debugbar/clockwork
2026-05-06 23:42:07 | WARNING  | app.services.checks.debugbar_exposed:run:61 - [DEBUGBAR_EXPOSED] Timeout for https://example.com/debugbar
2026-05-06 23:42:07 | WARNING  | app.services.checks.horizon_exposed:run:61 - [HORIZON_EXPOSED] Timeout for https://example.com/horizon
2026-05-06 23:42:07 | WARNING  | app.services.checks.horizon_exposed:run:61 - [HORIZON_EXPOSED] Timeout for https://example.com/horizon/dashboard
2026-05-06 23:42:07 | WARNING  | app.services.checks.horizon_exposed:run:61 - [HORIZON_EXPOSED] Timeout for https://example.com/horizon/api/metrics
2026-05-06 23:42:07 | WARNING  | app.services.checks.horizon_exposed:run:61 - [HORIZON_EXPOSED] Timeout for https://example.com/horizon/api/jobs
2026-05-06 23:42:07 | WARNING  | app.services.checks.laravel_version:run:99 - [LARAVEL_VERSION] Error checking Laravel version: Connection failed
2026-05-06 23:42:07 | WARNING  | app.services.checks.mix_manifest_exposed:run:67 - [MIX_MANIFEST_EXPOSED] Timeout for https://example.com/mix-manifest.json
2026-05-06 23:42:07 | WARNING  | app.services.checks.nova_exposed:run:62 - [NOVA_EXPOSED] Timeout for https://example.com/nova
2026-05-06 23:42:07 | WARNING  | app.services.checks.nova_exposed:run:62 - [NOVA_EXPOSED] Timeout for https://example.com/nova/dashboard
2026-05-06 23:42:07 | WARNING  | app.services.checks.nova_exposed:run:62 - [NOVA_EXPOSED] Timeout for https://example.com/nova-api/
2026-05-06 23:42:07 | WARNING  | app.services.checks.telescope_exposed:run:61 - [TELESCOPE_EXPOSED] Timeout for https://example.com/telescope
2026-05-06 23:42:07 | WARNING  | app.services.checks.telescope_exposed:run:61 - [TELESCOPE_EXPOSED] Timeout for https://example.com/telescope/requests
2026-05-06 23:42:07 | WARNING  | app.services.checks.telescope_exposed:run:61 - [TELESCOPE_EXPOSED] Timeout for https://example.com/telescope/exceptions
2026-05-06 23:42:07 | WARNING  | app.services.checks.telescope_exposed:run:61 - [TELESCOPE_EXPOSED] Timeout for https://example.com/telescope/logs
2026-05-06 23:42:07 | WARNING  | app.services.checks.telescope_exposed:run:61 - [TELESCOPE_EXPOSED] Timeout for https://example.com/_debugbar/telescope
2026-05-06 23:44:11 | WARNING  | app.services.checks.debugbar_exposed:run:61 - [DEBUGBAR_EXPOSED] Timeout for https://example.com/_debugbar
2026-05-06 23:44:11 | WARNING  | app.services.checks.debugbar_exposed:run:61 - [DEBUGBAR_EXPOSED] Timeout for https://example.com/_debugbar/clockwork
2026-05-06 23:44:11 | WARNING  | app.services.checks.debugbar_exposed:run:61 - [DEBUGBAR_EXPOSED] Timeout for https://example.com/debugbar
2026-05-06 23:44:11 | WARNING  | app.services.checks.horizon_exposed:run:61 - [HORIZON_EXPOSED] Timeout for https://example.com/horizon
2026-05-06 23:44:11 | WARNING  | app.services.checks.horizon_exposed:run:61 - [HORIZON_EXPOSED] Timeout for https://example.com/horizon/dashboard
2026-05-06 23:44:11 | WARNING  | app.services.checks.horizon_exposed:run:61 - [HORIZON_EXPOSED] Timeout for https://example.com/horizon/api/metrics
2026-05-06 23:44:11 | WARNING  | app.services.checks.horizon_exposed:run:61 - [HORIZON_EXPOSED] Timeout for https://example.com/horizon/api/jobs
2026-05-06 23:44:11 | WARNING  | app.services.checks.laravel_version:run:99 - [LARAVEL_VERSION] Error checking Laravel version: Connection failed
2026-05-06 23:44:11 | WARNING  | app.services.checks.mix_manifest_exposed:run:67 - [MIX_MANIFEST_EXPOSED] Timeout for https://example.com/mix-manifest.json
2026-05-06 23:44:11 | WARNING  | app.services.checks.nova_exposed:run:62 - [NOVA_EXPOSED] Timeout for https://example.com/nova
2026-05-06 23:44:11 | WARNING  | app.services.checks.nova_exposed:run:62 - [NOVA_EXPOSED] Timeout for https://example.com/nova/dashboard
2026-05-06 23:44:11 | WARNING  | app.services.checks.nova_exposed:run:62 - [NOVA_EXPOSED] Timeout for https://example.com/nova-api/
2026-05-06 23:44:11 | WARNING  | app.services.checks.telescope_exposed:run:61 - [TELESCOPE_EXPOSED] Timeout for https://example.com/telescope
2026-05-06 23:44:11 | WARNING  | app.services.checks.telescope_exposed:run:61 - [TELESCOPE_EXPOSED] Timeout for https://example.com/telescope/requests
2026-05-06 23:44:11 | WARNING  | app.services.checks.telescope_exposed:run:61 - [TELESCOPE_EXPOSED] Timeout for https://example.com/telescope/exceptions
2026-05-06 23:44:11 | WARNING  | app.services.checks.telescope_exposed:run:61 - [TELESCOPE_EXPOSED] Timeout for https://example.com/telescope/logs
2026-05-06 23:44:11 | WARNING  | app.services.checks.telescope_exposed:run:61 - [TELESCOPE_EXPOSED] Timeout for https://example.com/_debugbar/telescope
2026-05-06 23:50:59 | INFO     | __main__:main:125 - Laravel Security Scanner v1.0.0 starting
2026-05-06 23:50:59 | INFO     | app.services.scanner:scan:56 - Starting scan for: https://bbgayrimenkul.net
2026-05-06 23:51:02 | INFO     | app.services.scanner:_log_summary:117 - Scan complete | target=https://bbgayrimenkul.net | findings=11 | vulnerable=1 | risk_score=4.0 | duration=3.51s
2026-05-06 23:51:02 | INFO     | app.services.reporter:save_json:104 - JSON report saved: reports\scan_https___bbgayrimenkul_net_20260506_225102.json
2026-05-06 23:51:02 | INFO     | app.services.reporter:save_txt:139 - TXT report saved: reports\scan_https___bbgayrimenkul_net_20260506_225102.txt
2026-05-06 23:51:02 | INFO     | app.services.reporter:save_html:255 - HTML report saved: reports\scan_https___bbgayrimenkul_net_20260506_225102.html
2026-05-06 23:51:02 | INFO     | app.services.reporter:save_sarif:345 - SARIF report saved: reports\scan_https___bbgayrimenkul_net_20260506_225102.sarif.json
2026-05-07 00:13:34 | INFO     | __main__:main:125 - Laravel Security Scanner v1.0.0 starting
2026-05-07 00:13:34 | INFO     | app.services.scanner:scan:56 - Starting scan for: https://bbgayrimenkul.net
2026-05-07 00:13:39 | INFO     | app.services.scanner:_log_summary:117 - Scan complete | target=https://bbgayrimenkul.net | findings=15 | vulnerable=4 | risk_score=4.75 | duration=4.53s
2026-05-07 00:13:39 | INFO     | app.services.reporter:save_json:104 - JSON report saved: reports\scan_https___bbgayrimenkul_net_20260506_231339.json
2026-05-07 00:13:39 | INFO     | app.services.reporter:save_txt:139 - TXT report saved: reports\scan_https___bbgayrimenkul_net_20260506_231339.txt
2026-05-07 00:13:39 | INFO     | app.services.reporter:save_html:255 - HTML report saved: reports\scan_https___bbgayrimenkul_net_20260506_231339.html
2026-05-07 00:13:39 | INFO     | app.services.reporter:save_sarif:345 - SARIF report saved: reports\scan_https___bbgayrimenkul_net_20260506_231339.sarif.json
2026-05-07 00:18:03 | INFO     | __main__:main:125 - Laravel Security Scanner v1.0.0 starting
2026-05-07 00:18:03 | INFO     | app.services.scanner:scan:56 - Starting scan for: https://algoit.co.uk
2026-05-07 00:18:58 | INFO     | app.services.scanner:_log_summary:117 - Scan complete | target=https://algoit.co.uk | findings=15 | vulnerable=5 | risk_score=4.6 | duration=55.01s
2026-05-07 00:18:58 | INFO     | app.services.reporter:save_json:104 - JSON report saved: reports\scan_https___algoit_co_uk_20260506_231858.json
2026-05-07 00:18:58 | INFO     | app.services.reporter:save_txt:139 - TXT report saved: reports\scan_https___algoit_co_uk_20260506_231858.txt
2026-05-07 00:18:58 | INFO     | app.services.reporter:save_html:255 - HTML report saved: reports\scan_https___algoit_co_uk_20260506_231858.html
2026-05-07 00:18:58 | INFO     | app.services.reporter:save_sarif:345 - SARIF report saved: reports\scan_https___algoit_co_uk_20260506_231858.sarif.json
2026-05-07 00:21:58 | INFO     | __main__:main:125 - Laravel Security Scanner v1.0.0 starting
2026-05-07 00:21:58 | INFO     | app.services.scanner:scan:56 - Starting scan for: https://bbgayrimenkul.net
2026-05-07 00:22:02 | INFO     | app.services.scanner:_log_summary:117 - Scan complete | target=https://bbgayrimenkul.net | findings=15 | vulnerable=4 | risk_score=4.75 | duration=4.53s
2026-05-07 00:22:02 | INFO     | app.services.reporter:save_json:104 - JSON report saved: reports\scan_https___bbgayrimenkul_net_20260506_232202.json
2026-05-07 00:22:02 | INFO     | app.services.reporter:save_txt:139 - TXT report saved: reports\scan_https___bbgayrimenkul_net_20260506_232202.txt
2026-05-07 00:22:02 | INFO     | app.services.reporter:save_html:255 - HTML report saved: reports\scan_https___bbgayrimenkul_net_20260506_232202.html
2026-05-07 00:22:02 | INFO     | app.services.reporter:save_sarif:345 - SARIF report saved: reports\scan_https___bbgayrimenkul_net_20260506_232202.sarif.json
2026-05-07 01:04:50 | INFO     | __main__:main:125 - Laravel Security Scanner v1.0.0 starting
2026-05-07 01:04:50 | INFO     | app.services.scanner:scan:56 - Starting scan for: https://bbgayrimenkul.net
2026-05-07 01:04:54 | INFO     | app.services.scanner:_log_summary:117 - Scan complete | target=https://bbgayrimenkul.net | findings=15 | vulnerable=4 | risk_score=4.75 | duration=4.53s
2026-05-07 01:04:54 | INFO     | app.services.reporter:save_json:104 - JSON report saved: reports\scan_https___bbgayrimenkul_net_20260507_000454.json
2026-05-07 01:04:54 | INFO     | app.services.reporter:save_txt:139 - TXT report saved: reports\scan_https___bbgayrimenkul_net_20260507_000454.txt
2026-05-07 01:04:54 | INFO     | app.services.reporter:save_html:255 - HTML report saved: reports\scan_https___bbgayrimenkul_net_20260507_000454.html
2026-05-07 01:04:54 | INFO     | app.services.reporter:save_sarif:345 - SARIF report saved: reports\scan_https___bbgayrimenkul_net_20260507_000454.sarif.json
2026-05-07 01:27:40 | INFO     | __main__:main:125 - Laravel Security Scanner v1.0.0 starting
2026-05-07 01:27:40 | INFO     | app.services.scanner:scan:56 - Starting scan for: https://bbgayrimenkul.net
2026-05-07 01:27:44 | INFO     | app.services.scanner:_log_summary:117 - Scan complete | target=https://bbgayrimenkul.net | findings=16 | vulnerable=4 | risk_score=4.75 | duration=4.62s
2026-05-07 01:27:44 | INFO     | app.services.reporter:save_json:104 - JSON report saved: reports\scan_https___bbgayrimenkul_net_20260507_002744.json
2026-05-07 01:27:44 | INFO     | app.services.reporter:save_txt:139 - TXT report saved: reports\scan_https___bbgayrimenkul_net_20260507_002744.txt
2026-05-07 01:27:44 | INFO     | app.services.reporter:save_html:255 - HTML report saved: reports\scan_https___bbgayrimenkul_net_20260507_002744.html
2026-05-07 01:27:44 | INFO     | app.services.reporter:save_sarif:345 - SARIF report saved: reports\scan_https___bbgayrimenkul_net_20260507_002744.sarif.json
2026-05-07 10:10:02 | INFO     | __main__:main:125 - Laravel Security Scanner v1.0.0 starting
2026-05-07 10:10:02 | INFO     | app.services.scanner:scan:56 - Starting scan for: https://bbgayrimenkul.net
2026-05-07 10:10:07 | INFO     | app.services.scanner:_log_summary:117 - Scan complete | target=https://bbgayrimenkul.net | findings=16 | vulnerable=4 | risk_score=4.75 | duration=4.78s
2026-05-07 10:10:07 | INFO     | app.services.reporter:save_json:104 - JSON report saved: reports\scan_https___bbgayrimenkul_net_20260507_091007.json
2026-05-07 10:10:07 | INFO     | app.services.reporter:save_txt:139 - TXT report saved: reports\scan_https___bbgayrimenkul_net_20260507_091007.txt
2026-05-07 10:10:07 | INFO     | app.services.reporter:save_html:255 - HTML report saved: reports\scan_https___bbgayrimenkul_net_20260507_091007.html
2026-05-07 10:10:07 | INFO     | app.services.reporter:save_sarif:345 - SARIF report saved: reports\scan_https___bbgayrimenkul_net_20260507_091007.sarif.json
2026-05-08 13:45:47 | WARNING  | app.services.checks.composer_lock_cve:_load_cve_database:198 - [COMPOSER_CVE] Failed to load CVE database: No module named 'os__'
2026-05-08 13:45:48 | WARNING  | app.services.checks.composer_lock_cve:_load_cve_database:198 - [COMPOSER_CVE] Failed to load CVE database: No module named 'os__'
2026-05-08 13:45:48 | WARNING  | app.services.checks.composer_lock_cve:run:168 - [COMPOSER_CVE] Timeout for https://example.com/composer.lock
2026-05-08 13:45:48 | WARNING  | app.services.checks.csrf_protection:run:134 - [CSRF_PROTECTION] Timeout for https://example.com
2026-05-08 13:45:48 | WARNING  | app.services.checks.debugbar_exposed:run:61 - [DEBUGBAR_EXPOSED] Timeout for https://example.com/_debugbar
2026-05-08 13:45:48 | WARNING  | app.services.checks.debugbar_exposed:run:61 - [DEBUGBAR_EXPOSED] Timeout for https://example.com/_debugbar/clockwork
2026-05-08 13:45:48 | WARNING  | app.services.checks.debugbar_exposed:run:61 - [DEBUGBAR_EXPOSED] Timeout for https://example.com/debugbar
2026-05-08 13:45:48 | WARNING  | app.services.checks.horizon_exposed:run:61 - [HORIZON_EXPOSED] Timeout for https://example.com/horizon
2026-05-08 13:45:48 | WARNING  | app.services.checks.horizon_exposed:run:61 - [HORIZON_EXPOSED] Timeout for https://example.com/horizon/dashboard
2026-05-08 13:45:48 | WARNING  | app.services.checks.horizon_exposed:run:61 - [HORIZON_EXPOSED] Timeout for https://example.com/horizon/api/metrics
2026-05-08 13:45:48 | WARNING  | app.services.checks.horizon_exposed:run:61 - [HORIZON_EXPOSED] Timeout for https://example.com/horizon/api/jobs
2026-05-08 13:45:48 | WARNING  | app.services.checks.http_methods:run:61 - [HTTP_METHODS] Timeout for PUT https://example.com
2026-05-08 13:45:48 | WARNING  | app.services.checks.http_methods:run:61 - [HTTP_METHODS] Timeout for DELETE https://example.com
2026-05-08 13:45:48 | WARNING  | app.services.checks.http_methods:run:61 - [HTTP_METHODS] Timeout for TRACE https://example.com
2026-05-08 13:45:48 | WARNING  | app.services.checks.http_methods:run:61 - [HTTP_METHODS] Timeout for OPTIONS https://example.com
2026-05-08 13:45:48 | WARNING  | app.services.checks.http_methods:run:61 - [HTTP_METHODS] Timeout for PATCH https://example.com
2026-05-08 13:45:48 | WARNING  | app.services.checks.laravel_version:run:99 - [LARAVEL_VERSION] Error checking Laravel version: Connection failed
2026-05-08 13:45:48 | WARNING  | app.services.checks.mix_manifest_exposed:run:67 - [MIX_MANIFEST_EXPOSED] Timeout for https://example.com/mix-manifest.json
2026-05-08 13:45:48 | WARNING  | app.services.checks.nova_exposed:run:62 - [NOVA_EXPOSED] Timeout for https://example.com/nova
2026-05-08 13:45:48 | WARNING  | app.services.checks.nova_exposed:run:62 - [NOVA_EXPOSED] Timeout for https://example.com/nova/dashboard
2026-05-08 13:45:48 | WARNING  | app.services.checks.nova_exposed:run:62 - [NOVA_EXPOSED] Timeout for https://example.com/nova-api/
2026-05-08 13:45:50 | WARNING  | app.services.checks.rate_limiting:run:94 - [RATE_LIMITING] Timeout for https://example.com
2026-05-08 13:45:50 | WARNING  | app.services.checks.session_security:run:129 - [SESSION_SECURITY] Timeout for https://example.com
2026-05-08 13:45:50 | WARNING  | app.services.checks.telescope_exposed:run:61 - [TELESCOPE_EXPOSED] Timeout for https://example.com/telescope
2026-05-08 13:45:50 | WARNING  | app.services.checks.telescope_exposed:run:61 - [TELESCOPE_EXPOSED] Timeout for https://example.com/telescope/requests
2026-05-08 13:45:50 | WARNING  | app.services.checks.telescope_exposed:run:61 - [TELESCOPE_EXPOSED] Timeout for https://example.com/telescope/exceptions
2026-05-08 13:45:50 | WARNING  | app.services.checks.telescope_exposed:run:61 - [TELESCOPE_EXPOSED] Timeout for https://example.com/telescope/logs
2026-05-08 13:45:50 | WARNING  | app.services.checks.telescope_exposed:run:61 - [TELESCOPE_EXPOSED] Timeout for https://example.com/_debugbar/telescope
2026-05-08 13:46:12 | WARNING  | app.services.checks.composer_lock_cve:_load_cve_database:198 - [COMPOSER_CVE] Failed to load CVE database: No module named 'os__'
2026-05-08 13:46:13 | WARNING  | app.services.checks.composer_lock_cve:_load_cve_database:198 - [COMPOSER_CVE] Failed to load CVE database: No module named 'os__'
2026-05-08 13:46:13 | WARNING  | app.services.checks.composer_lock_cve:run:168 - [COMPOSER_CVE] Timeout for https://example.com/composer.lock
2026-05-08 13:46:13 | WARNING  | app.services.checks.csrf_protection:run:134 - [CSRF_PROTECTION] Timeout for https://example.com
2026-05-08 13:46:13 | WARNING  | app.services.checks.debugbar_exposed:run:61 - [DEBUGBAR_EXPOSED] Timeout for https://example.com/_debugbar
2026-05-08 13:46:13 | WARNING  | app.services.checks.debugbar_exposed:run:61 - [DEBUGBAR_EXPOSED] Timeout for https://example.com/_debugbar/clockwork
2026-05-08 13:46:13 | WARNING  | app.services.checks.debugbar_exposed:run:61 - [DEBUGBAR_EXPOSED] Timeout for https://example.com/debugbar
2026-05-08 13:46:13 | WARNING  | app.services.checks.horizon_exposed:run:61 - [HORIZON_EXPOSED] Timeout for https://example.com/horizon
2026-05-08 13:46:13 | WARNING  | app.services.checks.horizon_exposed:run:61 - [HORIZON_EXPOSED] Timeout for https://example.com/horizon/dashboard
2026-05-08 13:46:13 | WARNING  | app.services.checks.horizon_exposed:run:61 - [HORIZON_EXPOSED] Timeout for https://example.com/horizon/api/metrics
2026-05-08 13:46:13 | WARNING  | app.services.checks.horizon_exposed:run:61 - [HORIZON_EXPOSED] Timeout for https://example.com/horizon/api/jobs
2026-05-08 13:46:13 | WARNING  | app.services.checks.http_methods:run:61 - [HTTP_METHODS] Timeout for PUT https://example.com
2026-05-08 13:46:13 | WARNING  | app.services.checks.http_methods:run:61 - [HTTP_METHODS] Timeout for DELETE https://example.com
2026-05-08 13:46:13 | WARNING  | app.services.checks.http_methods:run:61 - [HTTP_METHODS] Timeout for TRACE https://example.com
2026-05-08 13:46:13 | WARNING  | app.services.checks.http_methods:run:61 - [HTTP_METHODS] Timeout for OPTIONS https://example.com
2026-05-08 13:46:13 | WARNING  | app.services.checks.http_methods:run:61 - [HTTP_METHODS] Timeout for PATCH https://example.com
2026-05-08 13:46:13 | WARNING  | app.services.checks.laravel_version:run:99 - [LARAVEL_VERSION] Error checking Laravel version: Connection failed
2026-05-08 13:46:13 | WARNING  | app.services.checks.mix_manifest_exposed:run:67 - [MIX_MANIFEST_EXPOSED] Timeout for https://example.com/mix-manifest.json
2026-05-08 13:46:13 | WARNING  | app.services.checks.nova_exposed:run:62 - [NOVA_EXPOSED] Timeout for https://example.com/nova
2026-05-08 13:46:13 | WARNING  | app.services.checks.nova_exposed:run:62 - [NOVA_EXPOSED] Timeout for https://example.com/nova/dashboard
2026-05-08 13:46:13 | WARNING  | app.services.checks.nova_exposed:run:62 - [NOVA_EXPOSED] Timeout for https://example.com/nova-api/
2026-05-08 13:46:14 | WARNING  | app.services.checks.rate_limiting:run:94 - [RATE_LIMITING] Timeout for https://example.com
2026-05-08 13:46:14 | WARNING  | app.services.checks.session_security:run:129 - [SESSION_SECURITY] Timeout for https://example.com
2026-05-08 13:46:14 | WARNING  | app.services.checks.telescope_exposed:run:61 - [TELESCOPE_EXPOSED] Timeout for https://example.com/telescope
2026-05-08 13:46:14 | WARNING  | app.services.checks.telescope_exposed:run:61 - [TELESCOPE_EXPOSED] Timeout for https://example.com/telescope/requests
2026-05-08 13:46:14 | WARNING  | app.services.checks.telescope_exposed:run:61 - [TELESCOPE_EXPOSED] Timeout for https://example.com/telescope/exceptions
2026-05-08 13:46:14 | WARNING  | app.services.checks.telescope_exposed:run:61 - [TELESCOPE_EXPOSED] Timeout for https://example.com/telescope/logs
2026-05-08 13:46:14 | WARNING  | app.services.checks.telescope_exposed:run:61 - [TELESCOPE_EXPOSED] Timeout for https://example.com/_debugbar/telescope
2026-05-08 13:49:05 | WARNING  | app.services.checks.csrf_protection:run:134 - [CSRF_PROTECTION] Timeout for https://example.com
2026-05-08 13:49:05 | WARNING  | app.services.checks.debugbar_exposed:run:61 - [DEBUGBAR_EXPOSED] Timeout for https://example.com/_debugbar
2026-05-08 13:49:05 | WARNING  | app.services.checks.debugbar_exposed:run:61 - [DEBUGBAR_EXPOSED] Timeout for https://example.com/_debugbar/clockwork
2026-05-08 13:49:05 | WARNING  | app.services.checks.debugbar_exposed:run:61 - [DEBUGBAR_EXPOSED] Timeout for https://example.com/debugbar
2026-05-08 13:49:05 | WARNING  | app.services.checks.horizon_exposed:run:61 - [HORIZON_EXPOSED] Timeout for https://example.com/horizon
2026-05-08 13:49:05 | WARNING  | app.services.checks.horizon_exposed:run:61 - [HORIZON_EXPOSED] Timeout for https://example.com/horizon/dashboard
2026-05-08 13:49:05 | WARNING  | app.services.checks.horizon_exposed:run:61 - [HORIZON_EXPOSED] Timeout for https://example.com/horizon/api/metrics
2026-05-08 13:49:05 | WARNING  | app.services.checks.horizon_exposed:run:61 - [HORIZON_EXPOSED] Timeout for https://example.com/horizon/api/jobs
2026-05-08 13:49:05 | WARNING  | app.services.checks.http_methods:run:61 - [HTTP_METHODS] Timeout for PUT https://example.com
2026-05-08 13:49:05 | WARNING  | app.services.checks.http_methods:run:61 - [HTTP_METHODS] Timeout for DELETE https://example.com
2026-05-08 13:49:05 | WARNING  | app.services.checks.http_methods:run:61 - [HTTP_METHODS] Timeout for TRACE https://example.com
2026-05-08 13:49:05 | WARNING  | app.services.checks.http_methods:run:61 - [HTTP_METHODS] Timeout for OPTIONS https://example.com
2026-05-08 13:49:05 | WARNING  | app.services.checks.http_methods:run:61 - [HTTP_METHODS] Timeout for PATCH https://example.com
2026-05-08 13:49:05 | WARNING  | app.services.checks.laravel_version:run:99 - [LARAVEL_VERSION] Error checking Laravel version: Connection failed
2026-05-08 13:49:05 | WARNING  | app.services.checks.mix_manifest_exposed:run:67 - [MIX_MANIFEST_EXPOSED] Timeout for https://example.com/mix-manifest.json
2026-05-08 13:49:05 | WARNING  | app.services.checks.nova_exposed:run:62 - [NOVA_EXPOSED] Timeout for https://example.com/nova
2026-05-08 13:49:05 | WARNING  | app.services.checks.nova_exposed:run:62 - [NOVA_EXPOSED] Timeout for https://example.com/nova/dashboard
2026-05-08 13:49:05 | WARNING  | app.services.checks.nova_exposed:run:62 - [NOVA_EXPOSED] Timeout for https://example.com/nova-api/
2026-05-08 13:49:06 | WARNING  | app.services.checks.rate_limiting:run:94 - [RATE_LIMITING] Timeout for https://example.com
2026-05-08 13:49:06 | WARNING  | app.services.checks.session_security:run:129 - [SESSION_SECURITY] Timeout for https://example.com
2026-05-08 13:49:06 | WARNING  | app.services.checks.telescope_exposed:run:61 - [TELESCOPE_EXPOSED] Timeout for https://example.com/telescope
2026-05-08 13:49:06 | WARNING  | app.services.checks.telescope_exposed:run:61 - [TELESCOPE_EXPOSED] Timeout for https://example.com/telescope/requests
2026-05-08 13:49:06 | WARNING  | app.services.checks.telescope_exposed:run:61 - [TELESCOPE_EXPOSED] Timeout for https://example.com/telescope/exceptions
2026-05-08 13:49:06 | WARNING  | app.services.checks.telescope_exposed:run:61 - [TELESCOPE_EXPOSED] Timeout for https://example.com/telescope/logs
2026-05-08 13:49:06 | WARNING  | app.services.checks.telescope_exposed:run:61 - [TELESCOPE_EXPOSED] Timeout for https://example.com/_debugbar/telescope
2026-05-08 13:55:40 | INFO     | __main__:main:125 - Laravel Security Scanner v1.0.0 starting
2026-05-08 13:55:40 | INFO     | app.services.scanner:scan:56 - Starting scan for: https://bbgayrimenkul.net
2026-05-08 13:56:04 | INFO     | app.services.scanner:_log_summary:117 - Scan complete | target=https://bbgayrimenkul.net | findings=22 | vulnerable=6 | risk_score=3.83 | duration=23.82s
2026-05-08 13:56:04 | INFO     | app.services.reporter:save_json:104 - JSON report saved: reports\scan_https___bbgayrimenkul_net_20260508_125604.json
2026-05-08 13:56:04 | INFO     | app.services.reporter:save_txt:139 - TXT report saved: reports\scan_https___bbgayrimenkul_net_20260508_125604.txt
2026-05-08 13:56:04 | INFO     | app.services.reporter:save_html:255 - HTML report saved: reports\scan_https___bbgayrimenkul_net_20260508_125604.html
2026-05-08 13:56:04 | INFO     | app.services.reporter:save_sarif:345 - SARIF report saved: reports\scan_https___bbgayrimenkul_net_20260508_125604.sarif.json
